// Jest Snapshot v1, https://goo.gl/fbAQLP

exports[`KeyPad tests should render as expected 1`] = `
<div
  className="button"
>
  <Memo(KeyRow)
    values={
      Array [
        "(",
        "CE",
        ")",
        "C",
      ]
    }
  />
  <Memo(KeyRow)
    values={
      Array [
        "1",
        "2",
        "3",
        "+",
      ]
    }
  />
  <Memo(KeyRow)
    values={
      Array [
        "4",
        "5",
        "6",
        "-",
      ]
    }
  />
  <Memo(KeyRow)
    values={
      Array [
        "7",
        "8",
        "9",
        "*",
      ]
    }
  />
  <Memo(KeyRow)
    values={
      Array [
        ".",
        "0",
        "=",
        "/",
      ]
    }
  />
</div>
`;
