// Jest Snapshot v1, https://goo.gl/fbAQLP

exports[`Result tests should render as expected 1`] = `
<Bootstrap(InputGroup)
  size="lg"
>
  500
</Bootstrap(InputGroup)>
`;

exports[`Result tests should render without children 1`] = `
<Bootstrap(InputGroup)
  size="lg"
>
  0
</Bootstrap(InputGroup)>
`;
