// Jest Snapshot v1, https://goo.gl/fbAQLP

exports[`KeyButton tests should render as expected 1`] = `
<Button
  active={false}
  className={false}
  disabled={false}
  name="5"
  onClick={[Function]}
  type="button"
  variant="secondary"
>
  5
</Button>
`;
